<?xml version="1.0" encoding="UTF-8"?>
<testsuites>
  <testsuite name="C:\Users\Ali\Desktop\unittest\gemvc\phpunit.xml" tests="46" assertions="150" errors="0" failures="0" skipped="0" time="2.062283">
    <testsuite name="Unit" tests="40" assertions="113" errors="0" failures="0" skipped="0" time="2.059602">
      <testsuite name="Tests\Unit\Http\JWTTokenTest" file="C:\Users\Ali\Desktop\unittest\gemvc\tests\Unit\Http\JWTTokenTest.php" tests="8" assertions="20" errors="0" failures="0" skipped="0" time="2.033914">
        <testcase name="testTokenRenewal" file="C:\Users\Ali\Desktop\unittest\gemvc\tests\Unit\Http\JWTTokenTest.php" line="112" class="Tests\Unit\Http\JWTTokenTest" classname="Tests.Unit.Http.JWTTokenTest" assertions="6" time="0.011684"/>
        <testcase name="testVerifyValidToken" file="C:\Users\Ali\Desktop\unittest\gemvc\tests\Unit\Http\JWTTokenTest.php" line="55" class="Tests\Unit\Http\JWTTokenTest" classname="Tests.Unit.Http.JWTTokenTest" assertions="3" time="0.000158"/>
        <testcase name="testCreateAccessToken" file="C:\Users\Ali\Desktop\unittest\gemvc\tests\Unit\Http\JWTTokenTest.php" line="28" class="Tests\Unit\Http\JWTTokenTest" classname="Tests.Unit.Http.JWTTokenTest" assertions="2" time="0.000282"/>
        <testcase name="testCreateRefreshToken" file="C:\Users\Ali\Desktop\unittest\gemvc\tests\Unit\Http\JWTTokenTest.php" line="37" class="Tests\Unit\Http\JWTTokenTest" classname="Tests.Unit.Http.JWTTokenTest" assertions="2" time="0.000107"/>
        <testcase name="testCreateLoginToken" file="C:\Users\Ali\Desktop\unittest\gemvc\tests\Unit\Http\JWTTokenTest.php" line="46" class="Tests\Unit\Http\JWTTokenTest" classname="Tests.Unit.Http.JWTTokenTest" assertions="2" time="0.000142"/>
        <testcase name="testVerifyInvalidToken" file="C:\Users\Ali\Desktop\unittest\gemvc\tests\Unit\Http\JWTTokenTest.php" line="69" class="Tests\Unit\Http\JWTTokenTest" classname="Tests.Unit.Http.JWTTokenTest" assertions="2" time="0.000707"/>
        <testcase name="testTokenContainsUserId" file="C:\Users\Ali\Desktop\unittest\gemvc\tests\Unit\Http\JWTTokenTest.php" line="100" class="Tests\Unit\Http\JWTTokenTest" classname="Tests.Unit.Http.JWTTokenTest" assertions="1" time="0.000419"/>
        <testcase name="testVerifyExpiredToken" file="C:\Users\Ali\Desktop\unittest\gemvc\tests\Unit\Http\JWTTokenTest.php" line="81" class="Tests\Unit\Http\JWTTokenTest" classname="Tests.Unit.Http.JWTTokenTest" assertions="2" time="2.020415"/>
      </testsuite>
      <testsuite name="Tests\Unit\Core\SecurityManagerTest" file="C:\Users\Ali\Desktop\unittest\gemvc\tests\Unit\Core\SecurityManagerTest.php" tests="9" assertions="16" errors="0" failures="0" skipped="0" time="0.002189">
        <testcase name="testBlocksAppDirectoryAccess" file="C:\Users\Ali\Desktop\unittest\gemvc\tests\Unit\Core\SecurityManagerTest.php" line="37" class="Tests\Unit\Core\SecurityManagerTest" classname="Tests.Unit.Core.SecurityManagerTest" assertions="1" time="0.000809"/>
        <testcase name="testBlocksEnvFileAccess" file="C:\Users\Ali\Desktop\unittest\gemvc\tests\Unit\Core\SecurityManagerTest.php" line="49" class="Tests\Unit\Core\SecurityManagerTest" classname="Tests.Unit.Core.SecurityManagerTest" assertions="1" time="0.000180"/>
        <testcase name="testBlocksGitDirectoryAccess" file="C:\Users\Ali\Desktop\unittest\gemvc\tests\Unit\Core\SecurityManagerTest.php" line="55" class="Tests\Unit\Core\SecurityManagerTest" classname="Tests.Unit.Core.SecurityManagerTest" assertions="1" time="0.000167"/>
        <testcase name="testAllowsApiEndpoints" file="C:\Users\Ali\Desktop\unittest\gemvc\tests\Unit\Core\SecurityManagerTest.php" line="61" class="Tests\Unit\Core\SecurityManagerTest" classname="Tests.Unit.Core.SecurityManagerTest" assertions="1" time="0.000102"/>
        <testcase name="testAllowsApiIndex" file="C:\Users\Ali\Desktop\unittest\gemvc\tests\Unit\Core\SecurityManagerTest.php" line="67" class="Tests\Unit\Core\SecurityManagerTest" classname="Tests.Unit.Core.SecurityManagerTest" assertions="1" time="0.000118"/>
        <testcase name="testBlocksPhpFileExtension" file="C:\Users\Ali\Desktop\unittest\gemvc\tests\Unit\Core\SecurityManagerTest.php" line="73" class="Tests\Unit\Core\SecurityManagerTest" classname="Tests.Unit.Core.SecurityManagerTest" assertions="1" time="0.000196"/>
        <testcase name="testBlocksConfigFileExtensions" file="C:\Users\Ali\Desktop\unittest\gemvc\tests\Unit\Core\SecurityManagerTest.php" line="79" class="Tests\Unit\Core\SecurityManagerTest" classname="Tests.Unit.Core.SecurityManagerTest" assertions="6" time="0.000358"/>
        <testcase name="testAllowsPublicAssets" file="C:\Users\Ali\Desktop\unittest\gemvc\tests\Unit\Core\SecurityManagerTest.php" line="89" class="Tests\Unit\Core\SecurityManagerTest" classname="Tests.Unit.Core.SecurityManagerTest" assertions="3" time="0.000115"/>
        <testcase name="testBlocksVendorDirectoryAccess" file="C:\Users\Ali\Desktop\unittest\gemvc\tests\Unit\Core\SecurityManagerTest.php" line="43" class="Tests\Unit\Core\SecurityManagerTest" classname="Tests.Unit.Core.SecurityManagerTest" assertions="1" time="0.000145"/>
      </testsuite>
      <testsuite name="Tests\Unit\Http\ApacheRequestTest" file="C:\Users\Ali\Desktop\unittest\gemvc\tests\Unit\Http\ApacheRequestTest.php" tests="6" assertions="23" errors="0" failures="0" skipped="0" time="0.012519">
        <testcase name="testXssInputSanitizationInPost" file="C:\Users\Ali\Desktop\unittest\gemvc\tests\Unit\Http\ApacheRequestTest.php" line="31" class="Tests\Unit\Http\ApacheRequestTest" classname="Tests.Unit.Http.ApacheRequestTest" assertions="7" time="0.010091"/>
        <testcase name="testArrayInputSanitization" file="C:\Users\Ali\Desktop\unittest\gemvc\tests\Unit\Http\ApacheRequestTest.php" line="90" class="Tests\Unit\Http\ApacheRequestTest" classname="Tests.Unit.Http.ApacheRequestTest" assertions="4" time="0.000825"/>
        <testcase name="testRequestObjectCreation" file="C:\Users\Ali\Desktop\unittest\gemvc\tests\Unit\Http\ApacheRequestTest.php" line="109" class="Tests\Unit\Http\ApacheRequestTest" classname="Tests.Unit.Http.ApacheRequestTest" assertions="3" time="0.000282"/>
        <testcase name="testQueryStringRemoval" file="C:\Users\Ali\Desktop\unittest\gemvc\tests\Unit\Http\ApacheRequestTest.php" line="125" class="Tests\Unit\Http\ApacheRequestTest" classname="Tests.Unit.Http.ApacheRequestTest" assertions="3" time="0.000813"/>
        <testcase name="testHeaderSanitization" file="C:\Users\Ali\Desktop\unittest\gemvc\tests\Unit\Http\ApacheRequestTest.php" line="76" class="Tests\Unit\Http\ApacheRequestTest" classname="Tests.Unit.Http.ApacheRequestTest" assertions="2" time="0.000276"/>
        <testcase name="testXssInputSanitizationInGet" file="C:\Users\Ali\Desktop\unittest\gemvc\tests\Unit\Http\ApacheRequestTest.php" line="52" class="Tests\Unit\Http\ApacheRequestTest" classname="Tests.Unit.Http.ApacheRequestTest" assertions="4" time="0.000231"/>
      </testsuite>
      <testsuite name="Tests\Unit\Http\RequestTest" file="C:\Users\Ali\Desktop\unittest\gemvc\tests\Unit\Http\RequestTest.php" tests="7" assertions="9" errors="0" failures="0" skipped="0" time="0.010088">
        <testcase name="testIntValueGetReturnsInt" file="C:\Users\Ali\Desktop\unittest\gemvc\tests\Unit\Http\RequestTest.php" line="29" class="Tests\Unit\Http\RequestTest" classname="Tests.Unit.Http.RequestTest" assertions="2" time="0.000716"/>
        <testcase name="testGetArrayAccess" file="C:\Users\Ali\Desktop\unittest\gemvc\tests\Unit\Http\RequestTest.php" line="57" class="Tests\Unit\Http\RequestTest" classname="Tests.Unit.Http.RequestTest" assertions="2" time="0.000248"/>
        <testcase name="testDefinePostSchemaRejectsMissingRequiredFields" file="C:\Users\Ali\Desktop\unittest\gemvc\tests\Unit\Http\RequestTest.php" line="95" class="Tests\Unit\Http\RequestTest" classname="Tests.Unit.Http.RequestTest" assertions="1" time="0.004740"/>
        <testcase name="testDefinePostSchemaRejectsUnwantedFields" file="C:\Users\Ali\Desktop\unittest\gemvc\tests\Unit\Http\RequestTest.php" line="113" class="Tests\Unit\Http\RequestTest" classname="Tests.Unit.Http.RequestTest" assertions="1" time="0.000431"/>
        <testcase name="testDefinePostSchemaAcceptsOptionalFields" file="C:\Users\Ali\Desktop\unittest\gemvc\tests\Unit\Http\RequestTest.php" line="133" class="Tests\Unit\Http\RequestTest" classname="Tests.Unit.Http.RequestTest" assertions="1" time="0.002293"/>
        <testcase name="testIntValueGetReturnsFalseForMissingKey" file="C:\Users\Ali\Desktop\unittest\gemvc\tests\Unit\Http\RequestTest.php" line="44" class="Tests\Unit\Http\RequestTest" classname="Tests.Unit.Http.RequestTest" assertions="1" time="0.001333"/>
        <testcase name="testDefinePostSchemaValidatesRequiredFields" file="C:\Users\Ali\Desktop\unittest\gemvc\tests\Unit\Http\RequestTest.php" line="77" class="Tests\Unit\Http\RequestTest" classname="Tests.Unit.Http.RequestTest" assertions="1" time="0.000328"/>
      </testsuite>
      <testsuite name="Tests\Unit\Http\ResponseTest" file="C:\Users\Ali\Desktop\unittest\gemvc\tests\Unit\Http\ResponseTest.php" tests="10" assertions="45" errors="0" failures="0" skipped="0" time="0.000893">
        <testcase name="testSuccessResponse" file="C:\Users\Ali\Desktop\unittest\gemvc\tests\Unit\Http\ResponseTest.php" line="13" class="Tests\Unit\Http\ResponseTest" classname="Tests.Unit.Http.ResponseTest" assertions="6" time="0.000154"/>
        <testcase name="testCreatedResponse" file="C:\Users\Ali\Desktop\unittest\gemvc\tests\Unit\Http\ResponseTest.php" line="26" class="Tests\Unit\Http\ResponseTest" classname="Tests.Unit.Http.ResponseTest" assertions="5" time="0.000093"/>
        <testcase name="testUpdatedResponse" file="C:\Users\Ali\Desktop\unittest\gemvc\tests\Unit\Http\ResponseTest.php" line="38" class="Tests\Unit\Http\ResponseTest" classname="Tests.Unit.Http.ResponseTest" assertions="5" time="0.000089"/>
        <testcase name="testDeletedResponse" file="C:\Users\Ali\Desktop\unittest\gemvc\tests\Unit\Http\ResponseTest.php" line="49" class="Tests\Unit\Http\ResponseTest" classname="Tests.Unit.Http.ResponseTest" assertions="5" time="0.000085"/>
        <testcase name="testNotFoundResponse" file="C:\Users\Ali\Desktop\unittest\gemvc\tests\Unit\Http\ResponseTest.php" line="60" class="Tests\Unit\Http\ResponseTest" classname="Tests.Unit.Http.ResponseTest" assertions="4" time="0.000081"/>
        <testcase name="testBadRequestResponse" file="C:\Users\Ali\Desktop\unittest\gemvc\tests\Unit\Http\ResponseTest.php" line="70" class="Tests\Unit\Http\ResponseTest" classname="Tests.Unit.Http.ResponseTest" assertions="4" time="0.000079"/>
        <testcase name="testUnprocessableEntityResponse" file="C:\Users\Ali\Desktop\unittest\gemvc\tests\Unit\Http\ResponseTest.php" line="80" class="Tests\Unit\Http\ResponseTest" classname="Tests.Unit.Http.ResponseTest" assertions="4" time="0.000083"/>
        <testcase name="testUnauthorizedResponse" file="C:\Users\Ali\Desktop\unittest\gemvc\tests\Unit\Http\ResponseTest.php" line="90" class="Tests\Unit\Http\ResponseTest" classname="Tests.Unit.Http.ResponseTest" assertions="4" time="0.000080"/>
        <testcase name="testForbiddenResponse" file="C:\Users\Ali\Desktop\unittest\gemvc\tests\Unit\Http\ResponseTest.php" line="100" class="Tests\Unit\Http\ResponseTest" classname="Tests.Unit.Http.ResponseTest" assertions="4" time="0.000071"/>
        <testcase name="testInternalErrorResponse" file="C:\Users\Ali\Desktop\unittest\gemvc\tests\Unit\Http\ResponseTest.php" line="110" class="Tests\Unit\Http\ResponseTest" classname="Tests.Unit.Http.ResponseTest" assertions="4" time="0.000078"/>
      </testsuite>
    </testsuite>
    <testsuite name="Integration" tests="6" assertions="37" errors="0" failures="0" skipped="0" time="0.002681">
      <testsuite name="Tests\Integration\Security\InputSanitizationTest" file="C:\Users\Ali\Desktop\unittest\gemvc\tests\Integration\Security\InputSanitizationTest.php" tests="6" assertions="37" errors="0" failures="0" skipped="0" time="0.002681">
        <testcase name="testHeaderInjectionPrevention" file="C:\Users\Ali\Desktop\unittest\gemvc\tests\Integration\Security\InputSanitizationTest.php" line="102" class="Tests\Integration\Security\InputSanitizationTest" classname="Tests.Integration.Security.InputSanitizationTest" assertions="3" time="0.000210"/>
        <testcase name="testPathTraversalPrevention" file="C:\Users\Ali\Desktop\unittest\gemvc\tests\Integration\Security\InputSanitizationTest.php" line="125" class="Tests\Integration\Security\InputSanitizationTest" classname="Tests.Integration.Security.InputSanitizationTest" assertions="4" time="0.000169"/>
        <testcase name="testXssAttackPreventionInPost" file="C:\Users\Ali\Desktop\unittest\gemvc\tests\Integration\Security\InputSanitizationTest.php" line="29" class="Tests\Integration\Security\InputSanitizationTest" classname="Tests.Integration.Security.InputSanitizationTest" assertions="22" time="0.000561"/>
        <testcase name="testXssAttackPreventionInGet" file="C:\Users\Ali\Desktop\unittest\gemvc\tests\Integration\Security\InputSanitizationTest.php" line="76" class="Tests\Integration\Security\InputSanitizationTest" classname="Tests.Integration.Security.InputSanitizationTest" assertions="3" time="0.000436"/>
        <testcase name="testSqlInjectionInStringInput" file="C:\Users\Ali\Desktop\unittest\gemvc\tests\Integration\Security\InputSanitizationTest.php" line="155" class="Tests\Integration\Security\InputSanitizationTest" classname="Tests.Integration.Security.InputSanitizationTest" assertions="4" time="0.000741"/>
        <testcase name="testMassAssignmentPrevention" file="C:\Users\Ali\Desktop\unittest\gemvc\tests\Integration\Security\InputSanitizationTest.php" line="178" class="Tests\Integration\Security\InputSanitizationTest" classname="Tests.Integration.Security.InputSanitizationTest" assertions="1" time="0.000565"/>
      </testsuite>
    </testsuite>
  </testsuite>
</testsuites>
